0 0.914663 0.349760 0.056490 0.070913
0 0.051683 0.396635 0.042067 0.045673
0 0.634615 0.379808 0.026442 0.045673
0 0.748798 0.391827 0.027644 0.043269
0 0.305288 0.397837 0.026442 0.034856
0 0.216346 0.397837 0.024038 0.034856
1 0.174279 0.379808 0.025240 0.033654
1 0.801683 0.383413 0.027644 0.044471
1 0.443510 0.411058 0.022837 0.036058
1 0.555288 0.400240 0.021635 0.037260
1 0.500000 0.383413 0.019231 0.032452
0 0.252404 0.360577 0.016827 0.024038
1 0.399038 0.393029 0.021635 0.032452